Archive member included because of file (symbol)

c:/program files/winavr/bin/../lib/gcc/avr/4.3.3/../../../../avr/lib/avr4\libm.a(addsf3.o)
                              main.o (__subsf3)
c:/program files/winavr/bin/../lib/gcc/avr/4.3.3/../../../../avr/lib/avr4\libm.a(addsf3x.o)
                              c:/program files/winavr/bin/../lib/gcc/avr/4.3.3/../../../../avr/lib/avr4\libm.a(addsf3.o) (__addsf3x)
c:/program files/winavr/bin/../lib/gcc/avr/4.3.3/../../../../avr/lib/avr4\libm.a(divsf3.o)
                              main.o (__divsf3)
c:/program files/winavr/bin/../lib/gcc/avr/4.3.3/../../../../avr/lib/avr4\libm.a(divsf3x.o)
                              c:/program files/winavr/bin/../lib/gcc/avr/4.3.3/../../../../avr/lib/avr4\libm.a(divsf3.o) (__divsf3x)
c:/program files/winavr/bin/../lib/gcc/avr/4.3.3/../../../../avr/lib/avr4\libm.a(fixsfsi.o)
                              main.o (__fixsfsi)
c:/program files/winavr/bin/../lib/gcc/avr/4.3.3/../../../../avr/lib/avr4\libm.a(fixunssfsi.o)
                              Manager.o (__fixunssfsi)
c:/program files/winavr/bin/../lib/gcc/avr/4.3.3/../../../../avr/lib/avr4\libm.a(floatsisf.o)
                              main.o (__floatunsisf)
c:/program files/winavr/bin/../lib/gcc/avr/4.3.3/../../../../avr/lib/avr4\libm.a(fp_inf.o)
                              c:/program files/winavr/bin/../lib/gcc/avr/4.3.3/../../../../avr/lib/avr4\libm.a(addsf3x.o) (__fp_inf)
c:/program files/winavr/bin/../lib/gcc/avr/4.3.3/../../../../avr/lib/avr4\libm.a(fp_nan.o)
                              c:/program files/winavr/bin/../lib/gcc/avr/4.3.3/../../../../avr/lib/avr4\libm.a(addsf3x.o) (__fp_nan)
c:/program files/winavr/bin/../lib/gcc/avr/4.3.3/../../../../avr/lib/avr4\libm.a(fp_pscA.o)
                              c:/program files/winavr/bin/../lib/gcc/avr/4.3.3/../../../../avr/lib/avr4\libm.a(addsf3x.o) (__fp_pscA)
c:/program files/winavr/bin/../lib/gcc/avr/4.3.3/../../../../avr/lib/avr4\libm.a(fp_pscB.o)
                              c:/program files/winavr/bin/../lib/gcc/avr/4.3.3/../../../../avr/lib/avr4\libm.a(addsf3x.o) (__fp_pscB)
c:/program files/winavr/bin/../lib/gcc/avr/4.3.3/../../../../avr/lib/avr4\libm.a(fp_round.o)
                              c:/program files/winavr/bin/../lib/gcc/avr/4.3.3/../../../../avr/lib/avr4\libm.a(addsf3.o) (__fp_round)
c:/program files/winavr/bin/../lib/gcc/avr/4.3.3/../../../../avr/lib/avr4\libm.a(fp_split3.o)
                              c:/program files/winavr/bin/../lib/gcc/avr/4.3.3/../../../../avr/lib/avr4\libm.a(addsf3x.o) (__fp_split3)
c:/program files/winavr/bin/../lib/gcc/avr/4.3.3/../../../../avr/lib/avr4\libm.a(fp_zero.o)
                              c:/program files/winavr/bin/../lib/gcc/avr/4.3.3/../../../../avr/lib/avr4\libm.a(addsf3x.o) (__fp_zero)
c:/program files/winavr/bin/../lib/gcc/avr/4.3.3/../../../../avr/lib/avr4\libm.a(gesf2.o)
                              main.o (__gtsf2)
c:/program files/winavr/bin/../lib/gcc/avr/4.3.3/../../../../avr/lib/avr4\libm.a(mulsf3.o)
                              main.o (__mulsf3)
c:/program files/winavr/bin/../lib/gcc/avr/4.3.3/../../../../avr/lib/avr4\libm.a(mulsf3x.o)
                              c:/program files/winavr/bin/../lib/gcc/avr/4.3.3/../../../../avr/lib/avr4\libm.a(mulsf3.o) (__mulsf3x)
c:/program files/winavr/bin/../lib/gcc/avr/4.3.3/../../../../avr/lib/avr4\libm.a(fp_cmp.o)
                              c:/program files/winavr/bin/../lib/gcc/avr/4.3.3/../../../../avr/lib/avr4\libm.a(gesf2.o) (__fp_cmp)
c:/program files/winavr/bin/../lib/gcc/avr/4.3.3/avr4\libgcc.a(_exit.o)
                              c:/program files/winavr/bin/../lib/gcc/avr/4.3.3/../../../../avr/lib/avr4/crtm8.o (exit)
c:/program files/winavr/bin/../lib/gcc/avr/4.3.3/avr4\libgcc.a(_copy_data.o)
                              Registers.o (__do_copy_data)
c:/program files/winavr/bin/../lib/gcc/avr/4.3.3/avr4\libgcc.a(_clear_bss.o)
                              main.o (__do_clear_bss)

Discarded input sections

 .data          0x00000000        0x0 c:/program files/winavr/bin/../lib/gcc/avr/4.3.3/../../../../avr/lib/avr4/crtm8.o
 .bss           0x00000000        0x0 c:/program files/winavr/bin/../lib/gcc/avr/4.3.3/../../../../avr/lib/avr4/crtm8.o
 .text          0x00000000        0x0 COM/SPISlave.o
 .data          0x00000000        0x0 COM/SPISlave.o
 .bss           0x00000000        0x0 COM/SPISlave.o
 .text.SPITransceive
                0x00000000        0x0 COM/SPISlave.o
 .text.SPIReceive
                0x00000000        0x0 COM/SPISlave.o
 .text.SPITransmit
                0x00000000        0x0 COM/SPISlave.o
 .text          0x00000000        0x0 main.o
 .data          0x00000000        0x0 main.o
 .bss           0x00000000        0x0 main.o
 .text          0x00000000        0x0 Manager.o
 .data          0x00000000        0x0 Manager.o
 .bss           0x00000000        0x0 Manager.o
 .text          0x00000000        0x0 Registers.o
 .data          0x00000000        0x0 Registers.o
 .bss           0x00000000        0x0 Registers.o
 .text          0x00000000        0x0 Rendering.o
 .data          0x00000000        0x0 Rendering.o
 .bss           0x00000000        0x0 Rendering.o
 .text          0x00000000        0x0 c:/program files/winavr/bin/../lib/gcc/avr/4.3.3/../../../../avr/lib/avr4\libm.a(addsf3.o)
 .data          0x00000000        0x0 c:/program files/winavr/bin/../lib/gcc/avr/4.3.3/../../../../avr/lib/avr4\libm.a(addsf3.o)
 .bss           0x00000000        0x0 c:/program files/winavr/bin/../lib/gcc/avr/4.3.3/../../../../avr/lib/avr4\libm.a(addsf3.o)
 .text          0x00000000        0x0 c:/program files/winavr/bin/../lib/gcc/avr/4.3.3/../../../../avr/lib/avr4\libm.a(addsf3x.o)
 .data          0x00000000        0x0 c:/program files/winavr/bin/../lib/gcc/avr/4.3.3/../../../../avr/lib/avr4\libm.a(addsf3x.o)
 .bss           0x00000000        0x0 c:/program files/winavr/bin/../lib/gcc/avr/4.3.3/../../../../avr/lib/avr4\libm.a(addsf3x.o)
 .text          0x00000000        0x0 c:/program files/winavr/bin/../lib/gcc/avr/4.3.3/../../../../avr/lib/avr4\libm.a(divsf3.o)
 .data          0x00000000        0x0 c:/program files/winavr/bin/../lib/gcc/avr/4.3.3/../../../../avr/lib/avr4\libm.a(divsf3.o)
 .bss           0x00000000        0x0 c:/program files/winavr/bin/../lib/gcc/avr/4.3.3/../../../../avr/lib/avr4\libm.a(divsf3.o)
 .text          0x00000000        0x0 c:/program files/winavr/bin/../lib/gcc/avr/4.3.3/../../../../avr/lib/avr4\libm.a(divsf3x.o)
 .data          0x00000000        0x0 c:/program files/winavr/bin/../lib/gcc/avr/4.3.3/../../../../avr/lib/avr4\libm.a(divsf3x.o)
 .bss           0x00000000        0x0 c:/program files/winavr/bin/../lib/gcc/avr/4.3.3/../../../../avr/lib/avr4\libm.a(divsf3x.o)
 .text          0x00000000        0x0 c:/program files/winavr/bin/../lib/gcc/avr/4.3.3/../../../../avr/lib/avr4\libm.a(fixsfsi.o)
 .data          0x00000000        0x0 c:/program files/winavr/bin/../lib/gcc/avr/4.3.3/../../../../avr/lib/avr4\libm.a(fixsfsi.o)
 .bss           0x00000000        0x0 c:/program files/winavr/bin/../lib/gcc/avr/4.3.3/../../../../avr/lib/avr4\libm.a(fixsfsi.o)
 .text          0x00000000        0x0 c:/program files/winavr/bin/../lib/gcc/avr/4.3.3/../../../../avr/lib/avr4\libm.a(fixunssfsi.o)
 .data          0x00000000        0x0 c:/program files/winavr/bin/../lib/gcc/avr/4.3.3/../../../../avr/lib/avr4\libm.a(fixunssfsi.o)
 .bss           0x00000000        0x0 c:/program files/winavr/bin/../lib/gcc/avr/4.3.3/../../../../avr/lib/avr4\libm.a(fixunssfsi.o)
 .text          0x00000000        0x0 c:/program files/winavr/bin/../lib/gcc/avr/4.3.3/../../../../avr/lib/avr4\libm.a(floatsisf.o)
 .data          0x00000000        0x0 c:/program files/winavr/bin/../lib/gcc/avr/4.3.3/../../../../avr/lib/avr4\libm.a(floatsisf.o)
 .bss           0x00000000        0x0 c:/program files/winavr/bin/../lib/gcc/avr/4.3.3/../../../../avr/lib/avr4\libm.a(floatsisf.o)
 .text          0x00000000        0x0 c:/program files/winavr/bin/../lib/gcc/avr/4.3.3/../../../../avr/lib/avr4\libm.a(fp_inf.o)
 .data          0x00000000        0x0 c:/program files/winavr/bin/../lib/gcc/avr/4.3.3/../../../../avr/lib/avr4\libm.a(fp_inf.o)
 .bss           0x00000000        0x0 c:/program files/winavr/bin/../lib/gcc/avr/4.3.3/../../../../avr/lib/avr4\libm.a(fp_inf.o)
 .text          0x00000000        0x0 c:/program files/winavr/bin/../lib/gcc/avr/4.3.3/../../../../avr/lib/avr4\libm.a(fp_nan.o)
 .data          0x00000000        0x0 c:/program files/winavr/bin/../lib/gcc/avr/4.3.3/../../../../avr/lib/avr4\libm.a(fp_nan.o)
 .bss           0x00000000        0x0 c:/program files/winavr/bin/../lib/gcc/avr/4.3.3/../../../../avr/lib/avr4\libm.a(fp_nan.o)
 .text          0x00000000        0x0 c:/program files/winavr/bin/../lib/gcc/avr/4.3.3/../../../../avr/lib/avr4\libm.a(fp_pscA.o)
 .data          0x00000000        0x0 c:/program files/winavr/bin/../lib/gcc/avr/4.3.3/../../../../avr/lib/avr4\libm.a(fp_pscA.o)
 .bss           0x00000000        0x0 c:/program files/winavr/bin/../lib/gcc/avr/4.3.3/../../../../avr/lib/avr4\libm.a(fp_pscA.o)
 .text          0x00000000        0x0 c:/program files/winavr/bin/../lib/gcc/avr/4.3.3/../../../../avr/lib/avr4\libm.a(fp_pscB.o)
 .data          0x00000000        0x0 c:/program files/winavr/bin/../lib/gcc/avr/4.3.3/../../../../avr/lib/avr4\libm.a(fp_pscB.o)
 .bss           0x00000000        0x0 c:/program files/winavr/bin/../lib/gcc/avr/4.3.3/../../../../avr/lib/avr4\libm.a(fp_pscB.o)
 .text          0x00000000        0x0 c:/program files/winavr/bin/../lib/gcc/avr/4.3.3/../../../../avr/lib/avr4\libm.a(fp_round.o)
 .data          0x00000000        0x0 c:/program files/winavr/bin/../lib/gcc/avr/4.3.3/../../../../avr/lib/avr4\libm.a(fp_round.o)
 .bss           0x00000000        0x0 c:/program files/winavr/bin/../lib/gcc/avr/4.3.3/../../../../avr/lib/avr4\libm.a(fp_round.o)
 .text          0x00000000        0x0 c:/program files/winavr/bin/../lib/gcc/avr/4.3.3/../../../../avr/lib/avr4\libm.a(fp_split3.o)
 .data          0x00000000        0x0 c:/program files/winavr/bin/../lib/gcc/avr/4.3.3/../../../../avr/lib/avr4\libm.a(fp_split3.o)
 .bss           0x00000000        0x0 c:/program files/winavr/bin/../lib/gcc/avr/4.3.3/../../../../avr/lib/avr4\libm.a(fp_split3.o)
 .text          0x00000000        0x0 c:/program files/winavr/bin/../lib/gcc/avr/4.3.3/../../../../avr/lib/avr4\libm.a(fp_zero.o)
 .data          0x00000000        0x0 c:/program files/winavr/bin/../lib/gcc/avr/4.3.3/../../../../avr/lib/avr4\libm.a(fp_zero.o)
 .bss           0x00000000        0x0 c:/program files/winavr/bin/../lib/gcc/avr/4.3.3/../../../../avr/lib/avr4\libm.a(fp_zero.o)
 .text          0x00000000        0x0 c:/program files/winavr/bin/../lib/gcc/avr/4.3.3/../../../../avr/lib/avr4\libm.a(gesf2.o)
 .data          0x00000000        0x0 c:/program files/winavr/bin/../lib/gcc/avr/4.3.3/../../../../avr/lib/avr4\libm.a(gesf2.o)
 .bss           0x00000000        0x0 c:/program files/winavr/bin/../lib/gcc/avr/4.3.3/../../../../avr/lib/avr4\libm.a(gesf2.o)
 .text          0x00000000        0x0 c:/program files/winavr/bin/../lib/gcc/avr/4.3.3/../../../../avr/lib/avr4\libm.a(mulsf3.o)
 .data          0x00000000        0x0 c:/program files/winavr/bin/../lib/gcc/avr/4.3.3/../../../../avr/lib/avr4\libm.a(mulsf3.o)
 .bss           0x00000000        0x0 c:/program files/winavr/bin/../lib/gcc/avr/4.3.3/../../../../avr/lib/avr4\libm.a(mulsf3.o)
 .text          0x00000000        0x0 c:/program files/winavr/bin/../lib/gcc/avr/4.3.3/../../../../avr/lib/avr4\libm.a(mulsf3x.o)
 .data          0x00000000        0x0 c:/program files/winavr/bin/../lib/gcc/avr/4.3.3/../../../../avr/lib/avr4\libm.a(mulsf3x.o)
 .bss           0x00000000        0x0 c:/program files/winavr/bin/../lib/gcc/avr/4.3.3/../../../../avr/lib/avr4\libm.a(mulsf3x.o)
 .text          0x00000000        0x0 c:/program files/winavr/bin/../lib/gcc/avr/4.3.3/../../../../avr/lib/avr4\libm.a(fp_cmp.o)
 .data          0x00000000        0x0 c:/program files/winavr/bin/../lib/gcc/avr/4.3.3/../../../../avr/lib/avr4\libm.a(fp_cmp.o)
 .bss           0x00000000        0x0 c:/program files/winavr/bin/../lib/gcc/avr/4.3.3/../../../../avr/lib/avr4\libm.a(fp_cmp.o)
 .text          0x00000000        0x0 c:/program files/winavr/bin/../lib/gcc/avr/4.3.3/avr4\libgcc.a(_exit.o)
 .data          0x00000000        0x0 c:/program files/winavr/bin/../lib/gcc/avr/4.3.3/avr4\libgcc.a(_exit.o)
 .bss           0x00000000        0x0 c:/program files/winavr/bin/../lib/gcc/avr/4.3.3/avr4\libgcc.a(_exit.o)
 .text.libgcc   0x00000000        0x0 c:/program files/winavr/bin/../lib/gcc/avr/4.3.3/avr4\libgcc.a(_exit.o)
 .text          0x00000000        0x0 c:/program files/winavr/bin/../lib/gcc/avr/4.3.3/avr4\libgcc.a(_copy_data.o)
 .data          0x00000000        0x0 c:/program files/winavr/bin/../lib/gcc/avr/4.3.3/avr4\libgcc.a(_copy_data.o)
 .bss           0x00000000        0x0 c:/program files/winavr/bin/../lib/gcc/avr/4.3.3/avr4\libgcc.a(_copy_data.o)
 .text.libgcc   0x00000000        0x0 c:/program files/winavr/bin/../lib/gcc/avr/4.3.3/avr4\libgcc.a(_copy_data.o)
 .text          0x00000000        0x0 c:/program files/winavr/bin/../lib/gcc/avr/4.3.3/avr4\libgcc.a(_clear_bss.o)
 .data          0x00000000        0x0 c:/program files/winavr/bin/../lib/gcc/avr/4.3.3/avr4\libgcc.a(_clear_bss.o)
 .bss           0x00000000        0x0 c:/program files/winavr/bin/../lib/gcc/avr/4.3.3/avr4\libgcc.a(_clear_bss.o)
 .text.libgcc   0x00000000        0x0 c:/program files/winavr/bin/../lib/gcc/avr/4.3.3/avr4\libgcc.a(_clear_bss.o)

Memory Configuration

Name             Origin             Length             Attributes
text             0x00000000         0x00002000         xr
data             0x00800060         0x0000ffa0         rw !x
eeprom           0x00810000         0x00010000         rw !x
fuse             0x00820000         0x00000400         rw !x
lock             0x00830000         0x00000400         rw !x
signature        0x00840000         0x00000400         rw !x
*default*        0x00000000         0xffffffff

Linker script and memory map

LOAD c:/program files/winavr/bin/../lib/gcc/avr/4.3.3/../../../../avr/lib/avr4/crtm8.o
LOAD COM/SPISlave.o
LOAD main.o
LOAD Manager.o
LOAD Registers.o
LOAD Rendering.o
START GROUP
LOAD c:/program files/winavr/bin/../lib/gcc/avr/4.3.3/../../../../avr/lib/avr4\libm.a
END GROUP
LOAD c:/program files/winavr/bin/../lib/gcc/avr/4.3.3/avr4\libgcc.a
LOAD c:/program files/winavr/bin/../lib/gcc/avr/4.3.3/../../../../avr/lib/avr4\libc.a
LOAD c:/program files/winavr/bin/../lib/gcc/avr/4.3.3/avr4\libgcc.a

.hash
 *(.hash)

.dynsym
 *(.dynsym)

.dynstr
 *(.dynstr)

.gnu.version
 *(.gnu.version)

.gnu.version_d
 *(.gnu.version_d)

.gnu.version_r
 *(.gnu.version_r)

.rel.init
 *(.rel.init)

.rela.init
 *(.rela.init)

.rel.text
 *(.rel.text)
 *(.rel.text.*)
 *(.rel.gnu.linkonce.t*)

.rela.text
 *(.rela.text)
 *(.rela.text.*)
 *(.rela.gnu.linkonce.t*)

.rel.fini
 *(.rel.fini)

.rela.fini
 *(.rela.fini)

.rel.rodata
 *(.rel.rodata)
 *(.rel.rodata.*)
 *(.rel.gnu.linkonce.r*)

.rela.rodata
 *(.rela.rodata)
 *(.rela.rodata.*)
 *(.rela.gnu.linkonce.r*)

.rel.data
 *(.rel.data)
 *(.rel.data.*)
 *(.rel.gnu.linkonce.d*)

.rela.data
 *(.rela.data)
 *(.rela.data.*)
 *(.rela.gnu.linkonce.d*)

.rel.ctors
 *(.rel.ctors)

.rela.ctors
 *(.rela.ctors)

.rel.dtors
 *(.rel.dtors)

.rela.dtors
 *(.rela.dtors)

.rel.got
 *(.rel.got)

.rela.got
 *(.rela.got)

.rel.bss
 *(.rel.bss)

.rela.bss
 *(.rela.bss)

.rel.plt
 *(.rel.plt)

.rela.plt
 *(.rela.plt)

.text           0x00000000     0x1046
 *(.vectors)
 .vectors       0x00000000       0x26 c:/program files/winavr/bin/../lib/gcc/avr/4.3.3/../../../../avr/lib/avr4/crtm8.o
                0x00000000                __vectors
                0x00000000                __vector_default
 *(.vectors)
 *(.progmem.gcc*)
 *(.progmem*)
                0x00000026                . = ALIGN (0x2)
                0x00000026                __trampolines_start = .
 *(.trampolines)
 .trampolines   0x00000026        0x0 linker stubs
 *(.trampolines*)
                0x00000026                __trampolines_end = .
 *(.jumptables)
 *(.jumptables*)
 *(.lowtext)
 *(.lowtext*)
                0x00000026                __ctors_start = .
 *(.ctors)
                0x00000026                __ctors_end = .
                0x00000026                __dtors_start = .
 *(.dtors)
                0x00000026                __dtors_end = .
 SORT(*)(.ctors)
 SORT(*)(.dtors)
 *(.init0)
 .init0         0x00000026        0x0 c:/program files/winavr/bin/../lib/gcc/avr/4.3.3/../../../../avr/lib/avr4/crtm8.o
                0x00000026                __init
 *(.init0)
 *(.init1)
 *(.init1)
 *(.init2)
 .init2         0x00000026        0xc c:/program files/winavr/bin/../lib/gcc/avr/4.3.3/../../../../avr/lib/avr4/crtm8.o
 *(.init2)
 *(.init3)
 *(.init3)
 *(.init4)
 .init4         0x00000032       0x16 c:/program files/winavr/bin/../lib/gcc/avr/4.3.3/avr4\libgcc.a(_copy_data.o)
                0x00000032                __do_copy_data
 .init4         0x00000048       0x10 c:/program files/winavr/bin/../lib/gcc/avr/4.3.3/avr4\libgcc.a(_clear_bss.o)
                0x00000048                __do_clear_bss
 *(.init4)
 *(.init5)
 *(.init5)
 *(.init6)
 *(.init6)
 *(.init7)
 *(.init7)
 *(.init8)
 *(.init8)
 *(.init9)
 .init9         0x00000058        0x4 c:/program files/winavr/bin/../lib/gcc/avr/4.3.3/../../../../avr/lib/avr4/crtm8.o
 *(.init9)
 *(.text)
 .text          0x0000005c        0x2 c:/program files/winavr/bin/../lib/gcc/avr/4.3.3/../../../../avr/lib/avr4/crtm8.o
                0x0000005c                __vector_1
                0x0000005c                __vector_12
                0x0000005c                __bad_interrupt
                0x0000005c                __vector_6
                0x0000005c                __vector_3
                0x0000005c                __vector_11
                0x0000005c                __vector_13
                0x0000005c                __vector_17
                0x0000005c                __vector_7
                0x0000005c                __vector_5
                0x0000005c                __vector_4
                0x0000005c                __vector_2
                0x0000005c                __vector_15
                0x0000005c                __vector_8
                0x0000005c                __vector_14
                0x0000005c                __vector_10
                0x0000005c                __vector_16
                0x0000005c                __vector_18
                0x0000005e                . = ALIGN (0x2)
 *(.text.*)
 .text.SPIInitialize
                0x0000005e        0x8 COM/SPISlave.o
                0x0000005e                SPIInitialize
 .text.SPIPseudoReceive
                0x00000066       0x14 COM/SPISlave.o
                0x00000066                SPIPseudoReceive
 .text.SPIPseudoTransmit
                0x0000007a        0x4 COM/SPISlave.o
                0x0000007a                SPIPseudoTransmit
 .text.GetRegisterValue
                0x0000007e       0x36 main.o
                0x0000007e                GetRegisterValue
 .text.SetRegisterValue
                0x000000b4       0x3e main.o
                0x000000b4                SetRegisterValue
 .text.UpdateLights
                0x000000f2       0x3e main.o
                0x000000f2                UpdateLights
 .text.__vector_9
                0x00000130       0x7e main.o
                0x00000130                __vector_9
 .text.main     0x000001ae      0x158 main.o
                0x000001ae                main
 .text.InitializeManager
                0x00000306       0x66 Manager.o
                0x00000306                InitializeManager
 .text.ShiftRegCommitData
                0x0000036c       0x82 Manager.o
                0x0000036c                ShiftRegCommitData
 .text.ChangeSupportStrips
                0x000003ee       0x48 Manager.o
                0x000003ee                ChangeSupportStrips
 .text.ChangeEmphasisStrips
                0x00000436       0x48 Manager.o
                0x00000436                ChangeEmphasisStrips
 .text.ConvertAlphaToDuty
                0x0000047e       0x4a Manager.o
                0x0000047e                ConvertAlphaToDuty
 .text.ChangeStatusNotify
                0x000004c8       0x30 Manager.o
                0x000004c8                ChangeStatusNotify
 .text.ToggleScanLaser
                0x000004f8        0xc Manager.o
                0x000004f8                ToggleScanLaser
 .text.ToggleCameraLevelLaser
                0x00000504        0xc Manager.o
                0x00000504                ToggleCameraLevelLaser
 .text.ToggleCameraOrientLaser
                0x00000510        0xc Manager.o
                0x00000510                ToggleCameraOrientLaser
 .text.ToggleLandingFloodlights
                0x0000051c        0xc Manager.o
                0x0000051c                ToggleLandingFloodlights
 .text.ToggleCameraFloodlight
                0x00000528        0xc Manager.o
                0x00000528                ToggleCameraFloodlight
 .text.Altered_Presets
                0x00000534        0x2 Registers.o
                0x00000534                Altered_Presets
 .text.SetTimerResolution
                0x00000536       0xce Registers.o
                0x00000536                SetTimerResolution
 .text.Altered_StatusNotify
                0x00000604       0x34 Registers.o
                0x00000604                Altered_StatusNotify
 .text.Altered_Laser
                0x00000638       0x1e Registers.o
                0x00000638                Altered_Laser
 .text.Altered_Floodlights
                0x00000656       0x14 Registers.o
                0x00000656                Altered_Floodlights
 .text.Altered_Support
                0x0000066a       0x34 Registers.o
                0x0000066a                Altered_Support
 .text.Altered_Emphasis
                0x0000069e       0x34 Registers.o
                0x0000069e                Altered_Emphasis
 .text.Altered_Control
                0x000006d2      0x352 Registers.o
                0x000006d2                Altered_Control
 .text.Render_CameraFloodlight
                0x00000a24       0x3e Rendering.o
                0x00000a24                Render_CameraFloodlight
 .text.Render_LandingFloodlight
                0x00000a62       0x3e Rendering.o
                0x00000a62                Render_LandingFloodlight
 .text.Render_CameraOrientLaser
                0x00000aa0       0x3e Rendering.o
                0x00000aa0                Render_CameraOrientLaser
 .text.Render_CameraLevelLaser
                0x00000ade       0x3e Rendering.o
                0x00000ade                Render_CameraLevelLaser
 .text.Render_ScanLaser
                0x00000b1c       0x3e Rendering.o
                0x00000b1c                Render_ScanLaser
 .text.Render_StatusR
                0x00000b5a       0x3e Rendering.o
                0x00000b5a                Render_StatusR
 .text.Render_StatusG
                0x00000b98       0x3e Rendering.o
                0x00000b98                Render_StatusG
 .text.Render_StatusB
                0x00000bd6       0x3e Rendering.o
                0x00000bd6                Render_StatusB
 .text.avr-libc.fplib
                0x00000c14        0xa c:/program files/winavr/bin/../lib/gcc/avr/4.3.3/../../../../avr/lib/avr4\libm.a(addsf3.o)
                0x00000c14                __subsf3
                0x00000c16                __addsf3
 .text.avr-libc.fplib
                0x00000c1e       0xc0 c:/program files/winavr/bin/../lib/gcc/avr/4.3.3/../../../../avr/lib/avr4\libm.a(addsf3x.o)
                0x00000c38                __addsf3x
 .text.avr-libc.fplib
                0x00000cde        0x4 c:/program files/winavr/bin/../lib/gcc/avr/4.3.3/../../../../avr/lib/avr4\libm.a(divsf3.o)
                0x00000cde                __divsf3
 .text.avr-libc.fplib
                0x00000ce2       0xcc c:/program files/winavr/bin/../lib/gcc/avr/4.3.3/../../../../avr/lib/avr4\libm.a(divsf3x.o)
                0x00000cf8                __divsf3x
                0x00000cfc                __divsf3_pse
 .text.avr-libc.fplib
                0x00000dae        0xa c:/program files/winavr/bin/../lib/gcc/avr/4.3.3/../../../../avr/lib/avr4\libm.a(fixsfsi.o)
                0x00000dae                __fixsfsi
 .text.avr-libc.fplib
                0x00000db8       0x58 c:/program files/winavr/bin/../lib/gcc/avr/4.3.3/../../../../avr/lib/avr4\libm.a(fixunssfsi.o)
                0x00000db8                __fixunssfsi
 .text.avr-libc.fplib
                0x00000e10       0x7a c:/program files/winavr/bin/../lib/gcc/avr/4.3.3/../../../../avr/lib/avr4\libm.a(floatsisf.o)
                0x00000e14                __floatsisf
                0x00000e10                __floatunsisf
 .text.avr-libc.fplib
                0x00000e8a        0xc c:/program files/winavr/bin/../lib/gcc/avr/4.3.3/../../../../avr/lib/avr4\libm.a(fp_inf.o)
                0x00000e8a                __fp_inf
 .text.avr-libc.fplib
                0x00000e96        0x6 c:/program files/winavr/bin/../lib/gcc/avr/4.3.3/../../../../avr/lib/avr4\libm.a(fp_nan.o)
                0x00000e96                __fp_nan
 .text.avr-libc.fplib
                0x00000e9c        0xe c:/program files/winavr/bin/../lib/gcc/avr/4.3.3/../../../../avr/lib/avr4\libm.a(fp_pscA.o)
                0x00000e9c                __fp_pscA
 .text.avr-libc.fplib
                0x00000eaa        0xe c:/program files/winavr/bin/../lib/gcc/avr/4.3.3/../../../../avr/lib/avr4\libm.a(fp_pscB.o)
                0x00000eaa                __fp_pscB
 .text.avr-libc.fplib
                0x00000eb8       0x22 c:/program files/winavr/bin/../lib/gcc/avr/4.3.3/../../../../avr/lib/avr4\libm.a(fp_round.o)
                0x00000eb8                __fp_round
 .text.avr-libc.fplib
                0x00000eda       0x44 c:/program files/winavr/bin/../lib/gcc/avr/4.3.3/../../../../avr/lib/avr4\libm.a(fp_split3.o)
                0x00000eda                __fp_split3
                0x00000eea                __fp_splitA
 .text.avr-libc.fplib
                0x00000f1e        0xe c:/program files/winavr/bin/../lib/gcc/avr/4.3.3/../../../../avr/lib/avr4\libm.a(fp_zero.o)
                0x00000f1e                __fp_zero
                0x00000f20                __fp_szero
 .text.avr-libc.fplib
                0x00000f2c        0x8 c:/program files/winavr/bin/../lib/gcc/avr/4.3.3/../../../../avr/lib/avr4\libm.a(gesf2.o)
                0x00000f2c                __gtsf2
                0x00000f2c                __gesf2
 .text.avr-libc.fplib
                0x00000f34        0x4 c:/program files/winavr/bin/../lib/gcc/avr/4.3.3/../../../../avr/lib/avr4\libm.a(mulsf3.o)
                0x00000f34                __mulsf3
 .text.avr-libc.fplib
                0x00000f38       0xc2 c:/program files/winavr/bin/../lib/gcc/avr/4.3.3/../../../../avr/lib/avr4\libm.a(mulsf3x.o)
                0x00000f50                __mulsf3_pse
                0x00000f4c                __mulsf3x
 .text.avr-libc.fplib
                0x00000ffa       0x48 c:/program files/winavr/bin/../lib/gcc/avr/4.3.3/../../../../avr/lib/avr4\libm.a(fp_cmp.o)
                0x00000ffa                __fp_cmp
                0x00001042                . = ALIGN (0x2)
 *(.fini9)
 .fini9         0x00001042        0x0 c:/program files/winavr/bin/../lib/gcc/avr/4.3.3/avr4\libgcc.a(_exit.o)
                0x00001042                exit
                0x00001042                _exit
 *(.fini9)
 *(.fini8)
 *(.fini8)
 *(.fini7)
 *(.fini7)
 *(.fini6)
 *(.fini6)
 *(.fini5)
 *(.fini5)
 *(.fini4)
 *(.fini4)
 *(.fini3)
 *(.fini3)
 *(.fini2)
 *(.fini2)
 *(.fini1)
 *(.fini1)
 *(.fini0)
 .fini0         0x00001042        0x4 c:/program files/winavr/bin/../lib/gcc/avr/4.3.3/avr4\libgcc.a(_exit.o)
 *(.fini0)
                0x00001046                _etext = .

.data           0x00800060       0x66 load address 0x00001046
                0x00800060                PROVIDE (__data_start, .)
 *(.data)
 *(.data*)
 .data.Enabled  0x00800060        0x1 Registers.o
                0x00800060                Enabled
 .data.EnableStrips
                0x00800061        0x1 Registers.o
                0x00800061                EnableStrips
 .data.EnableUtilities
                0x00800062        0x1 Registers.o
                0x00800062                EnableUtilities
 .data.EnableNotify
                0x00800063        0x1 Registers.o
                0x00800063                EnableNotify
 .data.TimerResolution
                0x00800064        0x1 Registers.o
                0x00800064                TimerResolution
 .data.REGISTERS
                0x00800065       0x50 Registers.o
                0x00800065                REGISTERS
 .data.RenderEvents
                0x008000b5       0x10 Rendering.o
                0x008000b5                RenderEvents
 *(.rodata)
 *(.rodata*)
 .rodata.DefaultTimerResolution
                0x008000c5        0x1 Registers.o
                0x008000c5                DefaultTimerResolution
 *(.gnu.linkonce.d*)
                0x008000c6                . = ALIGN (0x2)
                0x008000c6                _edata = .
                0x008000c6                PROVIDE (__data_end, .)

.bss            0x008000c6       0x44
                0x008000c6                PROVIDE (__bss_start, .)
 *(.bss)
 *(.bss*)
 .bss.SystemMS  0x008000c6        0x4 main.o
                0x008000c6                SystemMS
 .bss.currentCycleMS.1392
                0x008000ca        0x4 main.o
 .bss.lastOriginalMS.1391
                0x008000ce        0x4 main.o
 .bss.DutyCyclePeriod
                0x008000d2        0x2 Manager.o
                0x008000d2                DutyCyclePeriod
 .bss.CameraFloodlight
                0x008000d4        0x1 Manager.o
                0x008000d4                CameraFloodlight
 .bss.LandingFloodlight
                0x008000d5        0x1 Manager.o
                0x008000d5                LandingFloodlight
 .bss.CameraFloodlightDutyCycle
                0x008000d6        0x1 Manager.o
                0x008000d6                CameraFloodlightDutyCycle
 .bss.LandingFloodlightDutyCycle
                0x008000d7        0x1 Manager.o
                0x008000d7                LandingFloodlightDutyCycle
 .bss.CameraOrientLaser
                0x008000d8        0x1 Manager.o
                0x008000d8                CameraOrientLaser
 .bss.CameraLevelLaser
                0x008000d9        0x1 Manager.o
                0x008000d9                CameraLevelLaser
 .bss.ScanLaser
                0x008000da        0x1 Manager.o
                0x008000da                ScanLaser
 .bss.CameraOrientLaserDutyCycle
                0x008000db        0x1 Manager.o
                0x008000db                CameraOrientLaserDutyCycle
 .bss.CameraLevelLaserDutyCycle
                0x008000dc        0x1 Manager.o
                0x008000dc                CameraLevelLaserDutyCycle
 .bss.ScanLaserDutyCycle
                0x008000dd        0x1 Manager.o
                0x008000dd                ScanLaserDutyCycle
 .bss.EmphasisR
                0x008000de        0x1 Manager.o
                0x008000de                EmphasisR
 .bss.EmphasisG
                0x008000df        0x1 Manager.o
                0x008000df                EmphasisG
 .bss.EmphasisB
                0x008000e0        0x1 Manager.o
                0x008000e0                EmphasisB
 .bss.SupportR  0x008000e1        0x1 Manager.o
                0x008000e1                SupportR
 .bss.SupportG  0x008000e2        0x1 Manager.o
                0x008000e2                SupportG
 .bss.SupportB  0x008000e3        0x1 Manager.o
                0x008000e3                SupportB
 .bss.StatusR   0x008000e4        0x1 Manager.o
                0x008000e4                StatusR
 .bss.StatusG   0x008000e5        0x1 Manager.o
                0x008000e5                StatusG
 .bss.StatusB   0x008000e6        0x1 Manager.o
                0x008000e6                StatusB
 .bss.StatusRDutyCycle
                0x008000e7        0x1 Manager.o
                0x008000e7                StatusRDutyCycle
 .bss.StatusGDutyCycle
                0x008000e8        0x1 Manager.o
                0x008000e8                StatusGDutyCycle
 .bss.StatusBDutyCycle
                0x008000e9        0x1 Manager.o
                0x008000e9                StatusBDutyCycle
 .bss.AllOff    0x008000ea        0x1 Registers.o
                0x008000ea                AllOff
 .bss.AllOn     0x008000eb        0x1 Registers.o
                0x008000eb                AllOn
 .bss.LowPowerMode
                0x008000ec        0x1 Registers.o
                0x008000ec                LowPowerMode
 .bss.TimerOverflowIncrement
                0x008000ed        0x4 Registers.o
                0x008000ed                TimerOverflowIncrement
 .bss.statusrgb.1361
                0x008000f1        0x3 Registers.o
 .bss.statussaved.1360
                0x008000f4        0x1 Registers.o
 .bss.supportrgb.1359
                0x008000f5        0x3 Registers.o
 .bss.emphasisrgb.1358
                0x008000f8        0x3 Registers.o
 .bss.stripssaved.1357
                0x008000fb        0x1 Registers.o
 .bss.lasersdc.1356
                0x008000fc        0x3 Registers.o
 .bss.floodlightsdc.1355
                0x008000ff        0x2 Registers.o
 .bss.utilitiessaved.1354
                0x00800101        0x1 Registers.o
 .bss.CameraFloodlightOn
                0x00800102        0x1 Rendering.o
                0x00800102                CameraFloodlightOn
 .bss.LandingFloodlightOn
                0x00800103        0x1 Rendering.o
                0x00800103                LandingFloodlightOn
 .bss.CameraOrientLaserOn
                0x00800104        0x1 Rendering.o
                0x00800104                CameraOrientLaserOn
 .bss.CameraLevelLaserOn
                0x00800105        0x1 Rendering.o
                0x00800105                CameraLevelLaserOn
 .bss.ScanLaserOn
                0x00800106        0x1 Rendering.o
                0x00800106                ScanLaserOn
 .bss.StatusROn
                0x00800107        0x1 Rendering.o
                0x00800107                StatusROn
 .bss.StatusGOn
                0x00800108        0x1 Rendering.o
                0x00800108                StatusGOn
 .bss.StatusBOn
                0x00800109        0x1 Rendering.o
                0x00800109                StatusBOn
 *(COMMON)
                0x0080010a                PROVIDE (__bss_end, .)
                0x00001046                __data_load_start = LOADADDR (.data)
                0x000010ac                __data_load_end = (__data_load_start + SIZEOF (.data))

.noinit         0x0080010a        0x0
                0x0080010a                PROVIDE (__noinit_start, .)
 *(.noinit*)
                0x0080010a                PROVIDE (__noinit_end, .)
                0x0080010a                _end = .
                0x0080010a                PROVIDE (__heap_start, .)

.eeprom         0x00810000        0x0
 *(.eeprom*)
                0x00810000                __eeprom_end = .

.fuse
 *(.fuse)
 *(.lfuse)
 *(.hfuse)
 *(.efuse)

.lock
 *(.lock*)

.signature
 *(.signature*)

.stab
 *(.stab)

.stabstr
 *(.stabstr)

.stab.excl
 *(.stab.excl)

.stab.exclstr
 *(.stab.exclstr)

.stab.index
 *(.stab.index)

.stab.indexstr
 *(.stab.indexstr)

.comment
 *(.comment)

.debug
 *(.debug)

.line
 *(.line)

.debug_srcinfo
 *(.debug_srcinfo)

.debug_sfnames
 *(.debug_sfnames)

.debug_aranges  0x00000000      0x1a8
 *(.debug_aranges)
 .debug_aranges
                0x00000000       0x48 COM/SPISlave.o
 .debug_aranges
                0x00000048       0x40 main.o
 .debug_aranges
                0x00000088       0x70 Manager.o
 .debug_aranges
                0x000000f8       0x58 Registers.o
 .debug_aranges
                0x00000150       0x58 Rendering.o

.debug_pubnames
                0x00000000      0x6c8
 *(.debug_pubnames)
 .debug_pubnames
                0x00000000       0x80 COM/SPISlave.o
 .debug_pubnames
                0x00000080       0x72 main.o
 .debug_pubnames
                0x000000f2      0x2de Manager.o
 .debug_pubnames
                0x000003d0      0x17d Registers.o
 .debug_pubnames
                0x0000054d      0x17b Rendering.o

.debug_info     0x00000000     0x122f
 *(.debug_info)
 .debug_info    0x00000000      0x136 COM/SPISlave.o
 .debug_info    0x00000136      0x308 main.o
 .debug_info    0x0000043e      0x620 Manager.o
 .debug_info    0x00000a5e      0x501 Registers.o
 .debug_info    0x00000f5f      0x2d0 Rendering.o
 *(.gnu.linkonce.wi.*)

.debug_abbrev   0x00000000      0x5e8
 *(.debug_abbrev)
 .debug_abbrev  0x00000000       0xc4 COM/SPISlave.o
 .debug_abbrev  0x000000c4      0x1c1 main.o
 .debug_abbrev  0x00000285      0x126 Manager.o
 .debug_abbrev  0x000003ab      0x195 Registers.o
 .debug_abbrev  0x00000540       0xa8 Rendering.o

.debug_line     0x00000000     0x105c
 *(.debug_line)
 .debug_line    0x00000000      0x14f COM/SPISlave.o
 .debug_line    0x0000014f      0x252 main.o
 .debug_line    0x000003a1      0x3f3 Manager.o
 .debug_line    0x00000794      0x659 Registers.o
 .debug_line    0x00000ded      0x26f Rendering.o

.debug_frame    0x00000000      0x2b0
 *(.debug_frame)
 .debug_frame   0x00000000       0x70 COM/SPISlave.o
 .debug_frame   0x00000070       0x60 main.o
 .debug_frame   0x000000d0       0xc0 Manager.o
 .debug_frame   0x00000190       0x90 Registers.o
 .debug_frame   0x00000220       0x90 Rendering.o

.debug_str      0x00000000      0x720
 *(.debug_str)
 .debug_str     0x00000000      0x116 COM/SPISlave.o
                                0x14a (size before relaxing)
 .debug_str     0x00000116      0x149 main.o
                                0x231 (size before relaxing)
 .debug_str     0x0000025f      0x259 Manager.o
                                0x3b5 (size before relaxing)
 .debug_str     0x000004b8      0x13f Registers.o
                                0x376 (size before relaxing)
 .debug_str     0x000005f7      0x129 Rendering.o
                                0x2c9 (size before relaxing)

.debug_loc      0x00000000      0x7fb
 *(.debug_loc)
 .debug_loc     0x00000000       0x4e COM/SPISlave.o
 .debug_loc     0x0000004e       0xec main.o
 .debug_loc     0x0000013a      0x243 Manager.o
 .debug_loc     0x0000037d      0x33e Registers.o
 .debug_loc     0x000006bb      0x140 Rendering.o

.debug_macinfo
 *(.debug_macinfo)
OUTPUT(LightManager.elf elf32-avr)
LOAD linker stubs

.debug_ranges   0x00000000      0x1e0
 .debug_ranges  0x00000000       0x40 COM/SPISlave.o
 .debug_ranges  0x00000040       0x50 main.o
 .debug_ranges  0x00000090       0xb0 Manager.o
 .debug_ranges  0x00000140       0x50 Registers.o
 .debug_ranges  0x00000190       0x50 Rendering.o
